2026-09-23 17:49:51.965   Log opened. (Time zone: UTC+08:00)
2026-09-23 17:49:51.965   Setup version: Inno Setup version 7.1.0 (32-bit)
2026-09-23 17:49:51.965   Original Setup EXE: C:\Users\njuvmtest\nju-vm-tests\betterNJUVPN-0.1.1-setup.exe
2026-09-23 17:49:51.965   Setup command line: /SL5="$10006A,23092069,947200,C:\Users\njuvmtest\nju-vm-tests\betterNJUVPN-0.1.1-setup.exe" "/VERYSILENT" "/SUPPRESSMSGBOXES" "/NORESTART" "/LOG=C:\Users\njuvmtest\nju-vm-tests\install-default.log"
2026-09-23 17:49:51.965   Windows version: 10.0.26200
2026-09-23 17:49:51.965   Windows architecture: x64 (64-bit)
2026-09-23 17:49:51.965   Machine types supported by system: x86 x64
2026-09-23 17:49:51.965   User privileges: Administrative
2026-09-23 17:49:51.969   Administrative install mode: No
2026-09-23 17:49:51.969   Install mode root key: HKEY_CURRENT_USER
2026-09-23 17:49:51.969   64-bit install mode: No
2026-09-23 17:49:51.969   RedirectionGuard status for current process: Enabled in enforcing mode
2026-09-23 17:49:51.971   Created protected temporary directory: C:\Users\NJUVMT~1\AppData\Local\Temp\is-DM9723HL3D.tmp
2026-09-23 17:49:52.588   Found 3 files to register with RestartManager.
2026-09-23 17:49:52.588   Calling RestartManager's RmGetList.
2026-09-23 17:49:52.596   RmGetList finished successfully.
2026-09-23 17:49:52.596   RestartManager found no applications using one of our files.
2026-09-23 17:49:52.601   Starting the installation process.
2026-09-23 17:49:52.603   Creating directory: \\?\C:\Users\njuvmtest\AppData\Local\Programs
2026-09-23 17:49:52.605   Creating directory: \\?\C:\Users\njuvmtest\AppData\Local\Programs\betterNJUVPN
2026-09-23 17:49:52.605   Directory for uninstall files: C:\Users\njuvmtest\AppData\Local\Programs\betterNJUVPN
2026-09-23 17:49:52.605   Creating new uninstall log: C:\Users\njuvmtest\AppData\Local\Programs\betterNJUVPN\unins000.dat
2026-09-23 17:49:52.635   -- File entry --
2026-09-23 17:49:52.636   Dest filename: C:\Users\njuvmtest\AppData\Local\Programs\betterNJUVPN\unins000.exe
2026-09-23 17:49:52.676   Time stamp of our file: 2026-09-23T09:49:50.988Z
2026-09-23 17:49:52.676   Installing the file.
2026-09-23 17:49:52.683   Successfully installed the file.
2026-09-23 17:49:52.683   -- File entry --
2026-09-23 17:49:52.683   Dest filename: \\?\C:\Users\njuvmtest\AppData\Local\Programs\betterNJUVPN\betterNJUVPN.exe
2026-09-23 17:49:52.685   Time stamp of our file: 2026-09-23T03:49:18.000Z
2026-09-23 17:49:52.685   Installing the file.
2026-09-23 17:49:53.025   Successfully installed the file.
2026-09-23 17:49:53.025   -- File entry --
2026-09-23 17:49:53.025   Dest filename: \\?\C:\Users\njuvmtest\AppData\Local\Programs\betterNJUVPN\betterNJUVPN-cli.exe
2026-09-23 17:49:53.025   Time stamp of our file: 2026-09-23T03:49:20.000Z
2026-09-23 17:49:53.025   Installing the file.
2026-09-23 17:49:53.357   Successfully installed the file.
2026-09-23 17:49:53.357   -- File entry --
2026-09-23 17:49:53.357   Dest filename: \\?\C:\Users\njuvmtest\AppData\Local\Programs\betterNJUVPN\README.md
2026-09-23 17:49:53.357   Time stamp of our file: 2026-09-22T14:08:18.000Z
2026-09-23 17:49:53.357   Installing the file.
2026-09-23 17:49:53.359   Successfully installed the file.
2026-09-23 17:49:53.359   -- File entry --
2026-09-23 17:49:53.359   Dest filename: \\?\C:\Users\njuvmtest\AppData\Local\Programs\betterNJUVPN\RELEASE_NOTES.md
2026-09-23 17:49:53.359   Time stamp of our file: 2026-09-22T08:22:16.000Z
2026-09-23 17:49:53.359   Installing the file.
2026-09-23 17:49:53.361   Successfully installed the file.
2026-09-23 17:49:53.361   -- File entry --
2026-09-23 17:49:53.361   Dest filename: \\?\C:\Users\njuvmtest\AppData\Local\Programs\betterNJUVPN\config.example.json
2026-09-23 17:49:53.361   Time stamp of our file: 2026-09-21T16:13:08.000Z
2026-09-23 17:49:53.361   Installing the file.
2026-09-23 17:49:53.361   Successfully installed the file.
2026-09-23 17:49:53.361   -- File entry --
2026-09-23 17:49:53.361   Dest filename: \\?\C:\Users\njuvmtest\AppData\Local\Programs\betterNJUVPN\assets\betterNJUVPN.ico
2026-09-23 17:49:53.361   Time stamp of our file: 2026-09-22T03:47:14.000Z
2026-09-23 17:49:53.361   Installing the file.
2026-09-23 17:49:53.363   Creating directory: \\?\C:\Users\njuvmtest\AppData\Local\Programs\betterNJUVPN\assets
2026-09-23 17:49:53.365   Successfully installed the file.
2026-09-23 17:49:53.365   -- File entry --
2026-09-23 17:49:53.365   Dest filename: \\?\C:\Users\njuvmtest\AppData\Local\Programs\betterNJUVPN\tools\mihomo\mihomo-windows-amd64-compatible.exe
2026-09-23 17:49:53.365   Time stamp of our file: 2026-08-16T02:04:34.000Z
2026-09-23 17:49:53.365   Installing the file.
2026-09-23 17:49:53.365   Creating directory: \\?\C:\Users\njuvmtest\AppData\Local\Programs\betterNJUVPN\tools
2026-09-23 17:49:53.365   Creating directory: \\?\C:\Users\njuvmtest\AppData\Local\Programs\betterNJUVPN\tools\mihomo
2026-09-23 17:49:54.898   Successfully installed the file.
2026-09-23 17:49:54.898   -- File entry --
2026-09-23 17:49:54.898   Dest filename: \\?\C:\Users\njuvmtest\AppData\Local\Programs\betterNJUVPN\tools\mihomo\LICENSE
2026-09-23 17:49:54.898   Time stamp of our file: 2026-09-22T03:29:50.000Z
2026-09-23 17:49:54.898   Installing the file.
2026-09-23 17:49:54.901   Successfully installed the file.
2026-09-23 17:49:54.901   -- Icon entry --
2026-09-23 17:49:54.901   Dest filename: C:\Users\njuvmtest\AppData\Roaming\Microsoft\Windows\Start Menu\Programs\betterNJUVPN\betterNJUVPN.lnk
2026-09-23 17:49:54.901   Creating directory: C:\Users\njuvmtest\AppData\Roaming\Microsoft\Windows\Start Menu\Programs\betterNJUVPN
2026-09-23 17:49:54.908   Creating the icon.
2026-09-23 17:49:55.657   Successfully created the icon.
2026-09-23 17:49:55.657   -- Icon entry --
2026-09-23 17:49:55.657   Dest filename: C:\Users\njuvmtest\AppData\Roaming\Microsoft\Windows\Start Menu\Programs\betterNJUVPN\卸载 betterNJUVPN.lnk
2026-09-23 17:49:55.659   Creating the icon.
2026-09-23 17:49:55.752   Successfully created the icon.
2026-09-23 17:49:55.752   Saving uninstall information.
2026-09-23 17:49:55.752   Creating new uninstall key: HKEY_CURRENT_USER\Software\Microsoft\Windows\CurrentVersion\Uninstall\{A68C05AD-1DBD-4595-A92A-5B02787874C0}_is1
2026-09-23 17:49:55.752   Writing uninstall key values.
2026-09-23 17:49:55.752   Detected previous administrative 32-bit install? No
2026-09-23 17:49:55.752   Detected previous administrative 64-bit install? No
2026-09-23 17:49:55.757   Installation process succeeded.
2026-09-23 17:49:55.759   -- Run entry --
2026-09-23 17:49:55.759   Run as: Current user
2026-09-23 17:49:55.759   Type: Exec
2026-09-23 17:49:55.759   Filename: C:\Users\njuvmtest\AppData\Local\Programs\betterNJUVPN\betterNJUVPN-cli.exe
2026-09-23 17:49:55.759   Parameters: trust-ca
2026-09-23 17:49:55.759   Working directory: C:\Users\njuvmtest\AppData\Local\Programs\betterNJUVPN
2026-09-23 17:49:59.162   Process exit code: 1
2026-09-23 17:49:59.162   Need to restart Windows? No
2026-09-23 17:49:59.169   Deinitializing Setup.
2026-09-23 17:49:59.178   Log closed.
