2026-09-23 21:49:15.682   Log opened. (Time zone: UTC+08:00)
2026-09-23 21:49:15.684   Setup version: Inno Setup version 7.1.0 (32-bit)
2026-09-23 21:49:15.684   Original Setup EXE: C:\Users\njuvmtest\nju-vm-tests\betterNJUVPN-0.1.1-interactive-final.exe
2026-09-23 21:49:15.684   Setup command line: /SL5="$70262,23103457,947200,C:\Users\njuvmtest\nju-vm-tests\betterNJUVPN-0.1.1-interactive-final.exe" "/NORESTART" "/LOG=C:\Users\njuvmtest\nju-vm-tests\install-full-interactive.log"
2026-09-23 21:49:15.684   Windows version: 10.0.26200
2026-09-23 21:49:15.684   Windows architecture: x64 (64-bit)
2026-09-23 21:49:15.684   Machine types supported by system: x86 x64
2026-09-23 21:49:15.684   User privileges: None
2026-09-23 21:49:15.689   Administrative install mode: No
2026-09-23 21:49:15.689   Install mode root key: HKEY_CURRENT_USER
2026-09-23 21:49:15.689   64-bit install mode: No
2026-09-23 21:49:15.689   RedirectionGuard status for current process: Enabled in enforcing mode
2026-09-23 21:49:15.691   Created temporary directory: C:\Users\NJUVMT~1\AppData\Local\Temp\is-ILHHY350FX.tmp
2026-09-23 21:56:27.505   Found 3 files to register with RestartManager.
2026-09-23 21:56:27.505   Calling RestartManager's RmGetList.
2026-09-23 21:56:27.510   RmGetList finished successfully.
2026-09-23 21:56:27.510   RestartManager found no applications using one of our files.
2026-09-23 21:56:27.539   Starting the installation process.
2026-09-23 21:56:27.558   Creating directory: \\?\C:\Users\njuvmtest\AppData\Local\Programs
2026-09-23 21:56:27.558   Creating directory: \\?\C:\Users\njuvmtest\AppData\Local\Programs\betterNJUVPN
2026-09-23 21:56:27.562   Directory for uninstall files: C:\Users\njuvmtest\AppData\Local\Programs\betterNJUVPN
2026-09-23 21:56:27.562   Creating new uninstall log: C:\Users\njuvmtest\AppData\Local\Programs\betterNJUVPN\unins000.dat
2026-09-23 21:56:27.604   -- File entry --
2026-09-23 21:56:27.604   Dest filename: C:\Users\njuvmtest\AppData\Local\Programs\betterNJUVPN\unins000.exe
2026-09-23 21:56:27.637   Time stamp of our file: 2026-09-23T13:49:14.686Z
2026-09-23 21:56:27.637   Installing the file.
2026-09-23 21:56:27.669   Successfully installed the file.
2026-09-23 21:56:27.669   -- File entry --
2026-09-23 21:56:27.669   Dest filename: \\?\C:\Users\njuvmtest\AppData\Local\Programs\betterNJUVPN\betterNJUVPN.exe
2026-09-23 21:56:27.671   Time stamp of our file: 2026-09-23T13:43:28.000Z
2026-09-23 21:56:27.671   Installing the file.
2026-09-23 21:56:27.862   Successfully installed the file.
2026-09-23 21:56:27.862   -- File entry --
2026-09-23 21:56:27.862   Dest filename: \\?\C:\Users\njuvmtest\AppData\Local\Programs\betterNJUVPN\betterNJUVPN-cli.exe
2026-09-23 21:56:27.862   Time stamp of our file: 2026-09-23T13:43:28.000Z
2026-09-23 21:56:27.862   Installing the file.
2026-09-23 21:56:28.041   Successfully installed the file.
2026-09-23 21:56:28.044   -- File entry --
2026-09-23 21:56:28.044   Dest filename: \\?\C:\Users\njuvmtest\AppData\Local\Programs\betterNJUVPN\README.md
2026-09-23 21:56:28.044   Time stamp of our file: 2026-09-22T14:08:18.000Z
2026-09-23 21:56:28.044   Installing the file.
2026-09-23 21:56:28.046   Successfully installed the file.
2026-09-23 21:56:28.046   -- File entry --
2026-09-23 21:56:28.046   Dest filename: \\?\C:\Users\njuvmtest\AppData\Local\Programs\betterNJUVPN\RELEASE_NOTES.md
2026-09-23 21:56:28.046   Time stamp of our file: 2026-09-22T08:22:16.000Z
2026-09-23 21:56:28.046   Installing the file.
2026-09-23 21:56:28.048   Successfully installed the file.
2026-09-23 21:56:28.048   -- File entry --
2026-09-23 21:56:28.049   Dest filename: \\?\C:\Users\njuvmtest\AppData\Local\Programs\betterNJUVPN\config.example.json
2026-09-23 21:56:28.049   Time stamp of our file: 2026-09-21T16:13:08.000Z
2026-09-23 21:56:28.049   Installing the file.
2026-09-23 21:56:28.049   Successfully installed the file.
2026-09-23 21:56:28.049   -- File entry --
2026-09-23 21:56:28.052   Dest filename: \\?\C:\Users\njuvmtest\AppData\Local\Programs\betterNJUVPN\assets\betterNJUVPN.ico
2026-09-23 21:56:28.052   Time stamp of our file: 2026-09-22T03:47:14.000Z
2026-09-23 21:56:28.052   Installing the file.
2026-09-23 21:56:28.052   Creating directory: \\?\C:\Users\njuvmtest\AppData\Local\Programs\betterNJUVPN\assets
2026-09-23 21:56:28.052   Successfully installed the file.
2026-09-23 21:56:28.052   -- File entry --
2026-09-23 21:56:28.055   Dest filename: \\?\C:\Users\njuvmtest\AppData\Local\Programs\betterNJUVPN\tools\mihomo\mihomo-windows-amd64-compatible.exe
2026-09-23 21:56:28.055   Time stamp of our file: 2026-08-16T02:04:34.000Z
2026-09-23 21:56:28.055   Installing the file.
2026-09-23 21:56:28.055   Creating directory: \\?\C:\Users\njuvmtest\AppData\Local\Programs\betterNJUVPN\tools
2026-09-23 21:56:28.055   Creating directory: \\?\C:\Users\njuvmtest\AppData\Local\Programs\betterNJUVPN\tools\mihomo
2026-09-23 21:56:28.959   Successfully installed the file.
2026-09-23 21:56:28.959   -- File entry --
2026-09-23 21:56:28.959   Dest filename: \\?\C:\Users\njuvmtest\AppData\Local\Programs\betterNJUVPN\tools\mihomo\LICENSE
2026-09-23 21:56:28.959   Time stamp of our file: 2026-09-22T03:29:50.000Z
2026-09-23 21:56:28.959   Installing the file.
2026-09-23 21:56:28.962   Successfully installed the file.
2026-09-23 21:56:28.965   -- Icon entry --
2026-09-23 21:56:28.965   Dest filename: C:\Users\njuvmtest\AppData\Roaming\Microsoft\Windows\Start Menu\Programs\betterNJUVPN\betterNJUVPN.lnk
2026-09-23 21:56:28.965   Creating directory: C:\Users\njuvmtest\AppData\Roaming\Microsoft\Windows\Start Menu\Programs\betterNJUVPN
2026-09-23 21:56:28.982   Creating the icon.
2026-09-23 21:56:29.403   Successfully created the icon.
2026-09-23 21:56:29.413   -- Icon entry --
2026-09-23 21:56:29.413   Dest filename: C:\Users\njuvmtest\AppData\Roaming\Microsoft\Windows\Start Menu\Programs\betterNJUVPN\卸载 betterNJUVPN.lnk
2026-09-23 21:56:29.415   Creating the icon.
2026-09-23 21:56:29.473   Successfully created the icon.
2026-09-23 21:56:29.487   Saving uninstall information.
2026-09-23 21:56:29.487   Creating new uninstall key: HKEY_CURRENT_USER\Software\Microsoft\Windows\CurrentVersion\Uninstall\{A68C05AD-1DBD-4595-A92A-5B02787874C0}_is1
2026-09-23 21:56:29.487   Writing uninstall key values.
2026-09-23 21:56:29.487   Detected previous administrative 32-bit install? No
2026-09-23 21:56:29.487   Detected previous administrative 64-bit install? No
2026-09-23 21:56:29.491   Installation process succeeded.
2026-09-23 21:56:29.503   -- Run entry --
2026-09-23 21:56:29.503   Run as: Current user
2026-09-23 21:56:29.503   Type: Exec
2026-09-23 21:56:29.503   Filename: C:\Users\njuvmtest\AppData\Local\Programs\betterNJUVPN\betterNJUVPN-cli.exe
2026-09-23 21:56:29.503   Parameters: trust-ca
2026-09-23 21:56:29.503   Working directory: C:\Users\njuvmtest\AppData\Local\Programs\betterNJUVPN
2026-09-23 21:57:04.116   Process exit code: 1
2026-09-23 21:57:04.144   Need to restart Windows? No
