2026-09-23 20:29:00.751   Log opened. (Time zone: UTC+08:00)
2026-09-23 20:29:00.751   Setup version: Inno Setup version 7.1.0 (32-bit)
2026-09-23 20:29:00.751   Original Uninstall EXE: C:\Users\njuvmtest\AppData\Local\Programs\betterNJUVPN\unins000.exe
2026-09-23 20:29:00.751   Uninstall DAT: C:\Users\njuvmtest\AppData\Local\Programs\betterNJUVPN\unins000.dat
2026-09-23 20:29:00.751   Current Uninstall EXE: C:\Users\NJUVMT~1\AppData\Local\Temp\is-JWH56F55OC-uninstall.tmp\_unins.tmp
2026-09-23 20:29:00.751   Uninstall command line: /SECONDPHASE="C:\Users\njuvmtest\AppData\Local\Programs\betterNJUVPN\unins000.exe" /FIRSTPHASEWND=$12003C "/VERYSILENT" "/SUPPRESSMSGBOXES" "/NORESTART" "/LOG=C:\Users\njuvmtest\nju-vm-tests\uninstall-running.log"
2026-09-23 20:29:00.752   Windows version: 10.0.26200
2026-09-23 20:29:00.752   Windows architecture: x64 (64-bit)
2026-09-23 20:29:00.752   Machine types supported by system: x86 x64
2026-09-23 20:29:00.752   User privileges: Administrative
2026-09-23 20:29:00.752   Administrative install mode: No
2026-09-23 20:29:00.752   Install mode root key: HKEY_CURRENT_USER
2026-09-23 20:29:00.752   RedirectionGuard status for current process: Enabled in enforcing mode
2026-09-23 20:29:00.752   Cleaning up any residual temporary files from previous Uninstall runs.
2026-09-23 20:29:00.753   Deleted file: C:\Users\NJUVMT~1\AppData\Local\Temp\is-ML3J6DPTJT-uninstall.tmp\_unins.tmp
2026-09-23 20:29:00.753   Cleanup finished (2 directories found, 2 directories checked, 1 files deleted).
2026-09-23 20:29:00.755   Created protected temporary directory: C:\Users\NJUVMT~1\AppData\Local\Temp\is-NGTHHB2WAA.tmp
2026-09-23 20:29:00.777   Starting the uninstallation process.
2026-09-23 20:29:00.777   Running Exec filename: C:\Users\njuvmtest\AppData\Local\Programs\betterNJUVPN\betterNJUVPN-cli.exe
2026-09-23 20:29:00.777   Running Exec parameters: uninstall-cleanup
2026-09-23 20:29:02.183   Process exit code: 0
2026-09-23 20:29:02.185   Deleting registry key: HKEY_CURRENT_USER\Software\Microsoft\Windows\CurrentVersion\Uninstall\{A68C05AD-1DBD-4595-A92A-5B02787874C0}_is1
2026-09-23 20:29:02.240   Deleting file: \\?\C:\Users\njuvmtest\Desktop\betterNJUVPN.lnk
2026-09-23 20:29:02.256   Deleting file: \\?\C:\Users\njuvmtest\AppData\Roaming\Microsoft\Windows\Start Menu\Programs\betterNJUVPN\卸载 betterNJUVPN.lnk
2026-09-23 20:29:02.256   Deleting directory: \\?\C:\Users\njuvmtest\AppData\Roaming\Microsoft\Windows\Start Menu\Programs\betterNJUVPN
2026-09-23 20:29:02.256   Failed to delete directory (145). Will retry later.
2026-09-23 20:29:02.268   Deleting file: \\?\C:\Users\njuvmtest\AppData\Roaming\Microsoft\Windows\Start Menu\Programs\betterNJUVPN\betterNJUVPN.lnk
2026-09-23 20:29:02.271   Deleting directory: \\?\C:\Users\njuvmtest\AppData\Roaming\Microsoft\Windows\Start Menu\Programs\betterNJUVPN
2026-09-23 20:29:02.271   Deleting file: \\?\C:\Users\njuvmtest\AppData\Local\Programs\betterNJUVPN\tools\mihomo\LICENSE
2026-09-23 20:29:02.271   Deleting file: \\?\C:\Users\njuvmtest\AppData\Local\Programs\betterNJUVPN\tools\mihomo\mihomo-windows-amd64-compatible.exe
2026-09-23 20:29:02.276   Deleting directory: \\?\C:\Users\njuvmtest\AppData\Local\Programs\betterNJUVPN\tools\mihomo
2026-09-23 20:29:02.276   Deleting directory: \\?\C:\Users\njuvmtest\AppData\Local\Programs\betterNJUVPN\tools
2026-09-23 20:29:02.276   Deleting file: \\?\C:\Users\njuvmtest\AppData\Local\Programs\betterNJUVPN\assets\betterNJUVPN.ico
2026-09-23 20:29:02.276   Deleting directory: \\?\C:\Users\njuvmtest\AppData\Local\Programs\betterNJUVPN\assets
2026-09-23 20:29:02.276   Deleting file: \\?\C:\Users\njuvmtest\AppData\Local\Programs\betterNJUVPN\config.example.json
2026-09-23 20:29:02.276   Deleting file: \\?\C:\Users\njuvmtest\AppData\Local\Programs\betterNJUVPN\RELEASE_NOTES.md
2026-09-23 20:29:02.276   Deleting file: \\?\C:\Users\njuvmtest\AppData\Local\Programs\betterNJUVPN\README.md
2026-09-23 20:29:02.276   Deleting file: \\?\C:\Users\njuvmtest\AppData\Local\Programs\betterNJUVPN\betterNJUVPN-cli.exe
2026-09-23 20:29:02.280   Deleting file: \\?\C:\Users\njuvmtest\AppData\Local\Programs\betterNJUVPN\betterNJUVPN.exe
2026-09-23 20:29:02.280   Failed to delete the file; it may be in use (5).
2026-09-23 20:29:02.280   Deleting directory: \\?\C:\Users\njuvmtest\AppData\Local\Programs\betterNJUVPN
2026-09-23 20:29:02.280   Failed to delete directory (32). Will retry later.
2026-09-23 20:29:02.280   Deleting directory: \\?\C:\Users\njuvmtest\AppData\Local\Programs
2026-09-23 20:29:02.280   Failed to delete directory (145). Will retry later.
2026-09-23 20:29:02.280   Deleting file: \\?\C:\Users\njuvmtest\AppData\Local\Programs\betterNJUVPN\data\ca.key
2026-09-23 20:29:02.281   Deleting file: \\?\C:\Users\njuvmtest\AppData\Local\Programs\betterNJUVPN\data\ca.pem
2026-09-23 20:29:02.281   Deleting file: \\?\C:\Users\njuvmtest\AppData\Local\Programs\betterNJUVPN\data\device.json
2026-09-23 20:29:02.281   Deleting file: \\?\C:\Users\njuvmtest\AppData\Local\Programs\betterNJUVPN\data\session.json
2026-09-23 20:29:02.281   Deleting directory: \\?\C:\Users\njuvmtest\AppData\Local\Programs\betterNJUVPN\data
2026-09-23 20:29:02.281   Deleting file: \\?\C:\Users\njuvmtest\AppData\Local\Programs\betterNJUVPN\config.json
2026-09-23 20:29:02.281   Deleting Uninstall data files.
2026-09-23 20:29:02.281   Creating "_unins-done.tmp" file.
2026-09-23 20:29:02.803   Deleting directory: \\?\C:\Users\njuvmtest\AppData\Local\Programs\betterNJUVPN
2026-09-23 20:29:02.803   Failed to delete directory (32).
2026-09-23 20:29:02.803   Deleting directory: \\?\C:\Users\njuvmtest\AppData\Local\Programs
2026-09-23 20:29:02.803   Failed to delete directory (145).
2026-09-23 20:29:02.803   Uninstallation process succeeded.
2026-09-23 20:29:02.803   Removed all? No
2026-09-23 20:29:02.803   Need to restart Windows? No
2026-09-23 20:29:02.805   Log closed.
