2026-09-23 21:09:05.140   Log opened. (Time zone: UTC+08:00)
2026-09-23 21:09:05.140   Setup version: Inno Setup version 7.1.0 (32-bit)
2026-09-23 21:09:05.140   Original Uninstall EXE: C:\Users\njuvmtest\AppData\Local\Programs\betterNJUVPN\unins000.exe
2026-09-23 21:09:05.140   Uninstall DAT: C:\Users\njuvmtest\AppData\Local\Programs\betterNJUVPN\unins000.dat
2026-09-23 21:09:05.140   Current Uninstall EXE: C:\Users\NJUVMT~1\AppData\Local\Temp\is-67ZAPRSAR8-uninstall.tmp\_unins.tmp
2026-09-23 21:09:05.140   Uninstall command line: /SECONDPHASE="C:\Users\njuvmtest\AppData\Local\Programs\betterNJUVPN\unins000.exe" /FIRSTPHASEWND=$C0084 "/VERYSILENT" "/SUPPRESSMSGBOXES" "/NORESTART" "/LOG=C:\Users\njuvmtest\nju-vm-tests\uninstall-fixed-running.log"
2026-09-23 21:09:05.140   Windows version: 10.0.26200
2026-09-23 21:09:05.140   Windows architecture: x64 (64-bit)
2026-09-23 21:09:05.140   Machine types supported by system: x86 x64
2026-09-23 21:09:05.140   User privileges: Administrative
2026-09-23 21:09:05.140   Administrative install mode: No
2026-09-23 21:09:05.140   Install mode root key: HKEY_CURRENT_USER
2026-09-23 21:09:05.140   RedirectionGuard status for current process: Enabled in enforcing mode
2026-09-23 21:09:05.140   Cleaning up any residual temporary files from previous Uninstall runs.
2026-09-23 21:09:05.143   Cleanup finished (1 directories found, 1 directories checked, 0 files deleted).
2026-09-23 21:09:05.145   Created protected temporary directory: C:\Users\NJUVMT~1\AppData\Local\Temp\is-A5IKZO57DQ.tmp
2026-09-23 21:09:05.176   Starting the uninstallation process.
2026-09-23 21:09:05.176   Running Exec filename: C:\Users\njuvmtest\AppData\Local\Programs\betterNJUVPN\betterNJUVPN-cli.exe
2026-09-23 21:09:05.176   Running Exec parameters: uninstall-cleanup
2026-09-23 21:09:06.863   Process exit code: 0
2026-09-23 21:09:06.866   Deleting registry key: HKEY_CURRENT_USER\Software\Microsoft\Windows\CurrentVersion\Uninstall\{A68C05AD-1DBD-4595-A92A-5B02787874C0}_is1
2026-09-23 21:09:07.037   Deleting file: \\?\C:\Users\njuvmtest\Desktop\betterNJUVPN.lnk
2026-09-23 21:09:07.049   Deleting file: \\?\C:\Users\njuvmtest\AppData\Roaming\Microsoft\Windows\Start Menu\Programs\betterNJUVPN\卸载 betterNJUVPN.lnk
2026-09-23 21:09:07.051   Deleting directory: \\?\C:\Users\njuvmtest\AppData\Roaming\Microsoft\Windows\Start Menu\Programs\betterNJUVPN
2026-09-23 21:09:07.051   Failed to delete directory (145). Will retry later.
2026-09-23 21:09:07.066   Deleting file: \\?\C:\Users\njuvmtest\AppData\Roaming\Microsoft\Windows\Start Menu\Programs\betterNJUVPN\betterNJUVPN.lnk
2026-09-23 21:09:07.067   Deleting directory: \\?\C:\Users\njuvmtest\AppData\Roaming\Microsoft\Windows\Start Menu\Programs\betterNJUVPN
2026-09-23 21:09:07.067   Deleting file: \\?\C:\Users\njuvmtest\AppData\Local\Programs\betterNJUVPN\tools\mihomo\LICENSE
2026-09-23 21:09:07.067   Deleting file: \\?\C:\Users\njuvmtest\AppData\Local\Programs\betterNJUVPN\tools\mihomo\mihomo-windows-amd64-compatible.exe
2026-09-23 21:09:07.072   Deleting directory: \\?\C:\Users\njuvmtest\AppData\Local\Programs\betterNJUVPN\tools\mihomo
2026-09-23 21:09:07.074   Deleting directory: \\?\C:\Users\njuvmtest\AppData\Local\Programs\betterNJUVPN\tools
2026-09-23 21:09:07.074   Deleting file: \\?\C:\Users\njuvmtest\AppData\Local\Programs\betterNJUVPN\assets\betterNJUVPN.ico
2026-09-23 21:09:07.074   Deleting directory: \\?\C:\Users\njuvmtest\AppData\Local\Programs\betterNJUVPN\assets
2026-09-23 21:09:07.074   Deleting file: \\?\C:\Users\njuvmtest\AppData\Local\Programs\betterNJUVPN\config.example.json
2026-09-23 21:09:07.074   Deleting file: \\?\C:\Users\njuvmtest\AppData\Local\Programs\betterNJUVPN\RELEASE_NOTES.md
2026-09-23 21:09:07.074   Deleting file: \\?\C:\Users\njuvmtest\AppData\Local\Programs\betterNJUVPN\README.md
2026-09-23 21:09:07.074   Deleting file: \\?\C:\Users\njuvmtest\AppData\Local\Programs\betterNJUVPN\betterNJUVPN-cli.exe
2026-09-23 21:09:07.077   Deleting file: \\?\C:\Users\njuvmtest\AppData\Local\Programs\betterNJUVPN\betterNJUVPN.exe
2026-09-23 21:09:07.079   Deleting directory: \\?\C:\Users\njuvmtest\AppData\Local\Programs\betterNJUVPN
2026-09-23 21:09:07.079   Failed to delete directory (145). Will retry later.
2026-09-23 21:09:07.079   Deleting directory: \\?\C:\Users\njuvmtest\AppData\Local\Programs
2026-09-23 21:09:07.079   Failed to delete directory (145). Will retry later.
2026-09-23 21:09:07.079   Deleting file: \\?\C:\Users\njuvmtest\AppData\Local\Programs\betterNJUVPN\data\ca.key
2026-09-23 21:09:07.079   Deleting file: \\?\C:\Users\njuvmtest\AppData\Local\Programs\betterNJUVPN\data\ca.pem
2026-09-23 21:09:07.079   Deleting file: \\?\C:\Users\njuvmtest\AppData\Local\Programs\betterNJUVPN\data\device.json
2026-09-23 21:09:07.079   Deleting file: \\?\C:\Users\njuvmtest\AppData\Local\Programs\betterNJUVPN\data\session.json
2026-09-23 21:09:07.079   Deleting directory: \\?\C:\Users\njuvmtest\AppData\Local\Programs\betterNJUVPN\data
2026-09-23 21:09:07.082   Deleting file: \\?\C:\Users\njuvmtest\AppData\Local\Programs\betterNJUVPN\config.json
2026-09-23 21:09:07.082   Deleting Uninstall data files.
2026-09-23 21:09:07.082   Creating "_unins-done.tmp" file.
2026-09-23 21:09:07.603   Deleting directory: \\?\C:\Users\njuvmtest\AppData\Local\Programs\betterNJUVPN
2026-09-23 21:09:07.603   Deleting directory: \\?\C:\Users\njuvmtest\AppData\Local\Programs
2026-09-23 21:09:07.605   Uninstallation process succeeded.
2026-09-23 21:09:07.605   Removed all? Yes
2026-09-23 21:09:07.605   Need to restart Windows? No
2026-09-23 21:09:07.608   Log closed.
